2026-03-03 09:26:11,182 - INFO - Logging initialized: logs/cleaning_pipeline_20260303_092611.log
2026-03-03 09:26:11,182 - INFO - FISHERIES DATA CLEANING PIPELINE - START
2026-03-03 09:26:11,182 - INFO - Input Directory:  /Users/dominicmolina/Desktop/github/Data-Testing-Repo/data/raw
2026-03-03 09:26:11,182 - INFO - Output Directory: /Users/dominicmolina/Desktop/github/Data-Testing-Repo/data/cleaned
2026-03-03 09:26:11,182 - INFO - Remove Aggregates: False
2026-03-03 09:26:11,182 - INFO - Remove Display Columns: False
2026-03-03 09:26:11,182 - INFO - STARTING COMMERCIAL DATA CLEANING
2026-03-03 09:26:11,182 - INFO - COMMERCIAL FISHERIES DATA CLEANING PIPELINE
2026-03-03 09:26:11,182 - INFO - Loading commercial fisheries data 
2026-03-03 09:26:11,207 - INFO - Loaded 30,750 rows from 20260216_tidied_comm_ev.csv
2026-03-03 09:26:11,207 - INFO - Validating data schema 
2026-03-03 09:26:11,207 - INFO - Optional columns present: ['county_olelo', 'exchange_value_formatted']
2026-03-03 09:26:11,207 - INFO - Schema validation passed
2026-03-03 09:26:11,207 - INFO - Validating data types 
2026-03-03 09:26:11,208 - WARNING - Found 4074 null exchange values after conversion
2026-03-03 09:26:11,208 - INFO - Validating data ranges 
2026-03-03 09:26:11,208 - INFO - Data range validation passed
2026-03-03 09:26:11,208 - INFO - Validating ecosystem types 
2026-03-03 09:26:11,209 - INFO - All ecosystem types valid: ['All Ecosystems', 'Coastal — Open Ocean', 'Inshore — Reef']
2026-03-03 09:26:11,209 - INFO - Validating species groups 
2026-03-03 09:26:11,210 - INFO - All species groups valid: ['All Species', 'Deep 7 Bottomfish', 'Pelagics', 'Reef-Associated', 'Shallow Bottomfish']
2026-03-03 09:26:11,210 - INFO - Validating county names 
2026-03-03 09:26:11,211 - INFO - All counties valid: ['Hawaii', 'Honolulu', 'Kauai', 'Maui']
2026-03-03 09:26:11,211 - INFO - Removing null/NA exchange values 
2026-03-03 09:26:11,213 - INFO - Removed 4,074 records with null/NA exchange values
2026-03-03 09:26:11,213 - INFO - Skipping aggregate row removal
2026-03-03 09:26:11,214 - INFO - Keeping display columns
2026-03-03 09:26:11,214 - INFO - Exporting cleaned commercial data 
2026-03-03 09:26:11,262 - INFO - Exported 26,676 rows to data/cleaned/cleaned_commercial_20260303.csv
2026-03-03 09:26:11,263 - INFO - Generating summary statistics 
2026-03-03 09:26:11,266 - INFO - COMMERCIAL DATA CLEANING COMPLETE
2026-03-03 09:26:11,266 - INFO - Input:  30,750 rows
2026-03-03 09:26:11,266 - INFO - Output: 26,676 rows
2026-03-03 09:26:11,266 - INFO - Removed: 4,074 rows
2026-03-03 09:26:11,266 - INFO - STARTING NON COMMERCIAL DATA CLEANING
2026-03-03 09:26:11,266 - INFO - NON COMMERCIAL FISHERIES DATA CLEANING PIPELINE
2026-03-03 09:26:11,266 - INFO - Loading non commercial fisheries data 
2026-03-03 09:26:11,268 - INFO - Loaded 324 rows from 20260216_tidied_noncomm_ev.csv
2026-03-03 09:26:11,268 - INFO - Validating data schema 
2026-03-03 09:26:11,268 - INFO - Optional columns present: ['island_olelo', 'county_olelo', 'exchange_value_formatted']
2026-03-03 09:26:11,268 - INFO - Schema validation passed
2026-03-03 09:26:11,268 - INFO - Validating data types 
2026-03-03 09:26:11,268 - INFO - Validating data ranges 
2026-03-03 09:26:11,269 - INFO - Data range validation passed
2026-03-03 09:26:11,269 - INFO - Validating ecosystem types 
2026-03-03 09:26:11,269 - INFO - All ecosystem types valid: ['All Ecosystems', 'Coastal — Open Ocean', 'Inshore — Reef']
2026-03-03 09:26:11,269 - INFO - Validating species groups 
2026-03-03 09:26:11,269 - INFO - Species group validation passed: ['Herbivores']
2026-03-03 09:26:11,269 - INFO - Validating island names 
2026-03-03 09:26:11,269 - INFO - All islands valid: ['Hawaii', 'Kauai', 'Lanai', 'Maui', 'Molokai', 'Oahu']
2026-03-03 09:26:11,269 - INFO - Validating county names 
2026-03-03 09:26:11,269 - INFO - All counties valid: ['Hawaii', 'Honolulu', 'Kauai', 'Maui']
2026-03-03 09:26:11,269 - INFO - Removing null/NA exchange values 
2026-03-03 09:26:11,269 - INFO - No null/NA values to remove
2026-03-03 09:26:11,269 - INFO - Skipping aggregate row removal (remove_aggregates=False)
2026-03-03 09:26:11,269 - INFO - Keeping display columns
2026-03-03 09:26:11,269 - INFO - Exporting cleaned non commercial data 
2026-03-03 09:26:11,270 - INFO - Exported 324 rows to data/cleaned/cleaned_noncommercial_20260303.csv
2026-03-03 09:26:11,270 - INFO - Generating summary statistics 
2026-03-03 09:26:11,271 - INFO - NON COMMERCIAL DATA CLEANING COMPLETE
2026-03-03 09:26:11,271 - INFO - Input:  324 rows
2026-03-03 09:26:11,271 - INFO - Output: 324 rows
2026-03-03 09:26:11,271 - INFO - Removed: 0 rows
2026-03-03 09:26:11,271 - INFO - 
2026-03-03 09:26:11,271 - INFO - FISHERIES DATA CLEANING PIPELINE : FINAL REPORT
2026-03-03 09:26:11,271 - INFO - 
2026-03-03 09:26:11,271 - INFO - COMMERCIAL FISHERIES:
2026-03-03 09:26:11,271 - INFO -   Status: SUCCESS
2026-03-03 09:26:11,271 - INFO -   Input Rows:  30,750
2026-03-03 09:26:11,271 - INFO -   Output Rows: 26,676
2026-03-03 09:26:11,271 - INFO -   Removed:     4,074
2026-03-03 09:26:11,271 - INFO -   Date Range:  1997-2021
2026-03-03 09:26:11,271 - INFO -   Total Value: $1,264,932,883.24
2026-03-03 09:26:11,271 - INFO -   Counties:    4
2026-03-03 09:26:11,271 - INFO -   Species:     5
2026-03-03 09:26:11,271 - INFO -   DAR Areas:   82
2026-03-03 09:26:11,271 - INFO - 
2026-03-03 09:26:11,271 - INFO - NON COMMERCIAL FISHERIES:
2026-03-03 09:26:11,272 - INFO -   Status: SUCCESS
2026-03-03 09:26:11,272 - INFO -   Input Rows:  324
2026-03-03 09:26:11,272 - INFO -   Output Rows: 324
2026-03-03 09:26:11,272 - INFO -   Removed:     0
2026-03-03 09:26:11,272 - INFO -   Date Range:  2005-2022
2026-03-03 09:26:11,272 - INFO -   Total Value: $29,551,045.79
2026-03-03 09:26:11,272 - INFO -   Islands:     6
2026-03-03 09:26:11,272 - INFO - 
2026-03-03 09:26:11,272 - INFO - Pipeline Status: SUCCESS
2026-03-03 09:26:11,273 - INFO - Loading commercial data from data/cleaned/cleaned_commercial_20260303.csv
2026-03-03 09:26:11,323 - INFO -   26676 commercial rows loaded
2026-03-03 09:26:11,324 - INFO - Loading non commercial data from data/cleaned/cleaned_noncommercial_20260303.csv
2026-03-03 09:26:11,324 - INFO -   324 non commercial rows loaded
2026-03-03 09:26:11,368 - INFO - Dashboard generated → data/cleaned/dashboard_20260303.html
